../Core/Inc/tcpClientRAW.h:157:6:ClientCloseConnection	16	static
../Core/Inc/tcpClientRAW.h:179:13:ClientSendString	24	static
../Core/Inc/tcpClientRAW.h:213:6:ClientHandleRecievedData	120	static
../Core/Inc/tcpClientRAW.h:342:14:callbackDataReciev	32	static
../Core/Inc/tcpClientRAW.h:422:14:ClientPoll	24	static
../Core/Inc/tcpClientRAW.h:445:14:callbackDataSent	32	static
../Core/Inc/tcpClientRAW.h:464:13:ClientSendData	32	static
../Core/Inc/tcpClientRAW.h:531:14:callbackClientConnected	32	static
../Core/Inc/tcpClientRAW.h:581:6:initTcpClient	32	static
../Core/Inc/u8g2_porting.h:18:9:u8g2_gpio_and_delay_stm32	32	static,ignoring_inline_asm
../Core/Inc/u8g2_porting.h:97:9:u8g2_i2c_stm32	40	static
../Core/Inc/u8g2_porting.h:133:6:initDisplay	24	static
../Core/Inc/AS5600Driver.h:198:6:AS5600_Peripherial_ErrorHandler	4	static
../Core/Inc/AS5600Driver.h:204:6:AS5600_TimerInit	64	static
../Core/Inc/AS5600Driver.h:270:28:AS5600_ErrorHandler	16	static
../Core/Inc/AS5600Driver.h:327:7:MapDutycycle2Angle	32	static
../Core/Inc/AS5600Driver.h:347:23:AS5600_Create	32	static
../Core/Inc/AS5600Driver.h:438:7:AS5600_AttachPeripheral	32	static
../Core/Inc/AS5600Driver.h:487:7:AS5600_Configure	40	static
../Core/Inc/AS5600Driver.h:552:7:AS5600_UpdateStatus	40	static
../Core/Inc/AS5600Driver.h:591:7:AS5600_ReadRawAngle_I2C	40	static
../Core/Inc/AS5600Driver.h:628:7:AS5600_ReadAngle_I2C	40	static
../Core/Inc/AS5600Driver.h:662:7:AS5600_ReadAngle_PWM	32	static
../Core/Inc/AS5600Driver.h:760:7:AS5600_UpdateAbsolutePosition	40	static
../Core/Inc/Display.h:21:6:updateDisplay	120	static
../Core/Src/main.c:82:5:main	24	static
../Core/Src/main.c:177:6:SystemClock_Config	88	static
../Core/Src/main.c:236:6:MPU_Config	24	static
../Core/Src/main.c:267:6:Error_Handler	4	static,ignoring_inline_asm
